// Jest Snapshot v1, https://goo.gl/fbAQLP

exports[`Puebas en <GifItem/> debe de hacer match con el snapshot 1`] = `
<div>
  <div
    class="card"
  >
    <img
      alt="pepe"
      src="http://google.com/"
    />
    <p>
      pepe
    </p>
  </div>
</div>
`;
